/content/proj/nanoGPT-master/train.py:199: FutureWarning: `torch.cuda.amp.GradScaler(args...)` is deprecated. Please use `torch.amp.GradScaler('cuda', args...)` instead.
  scaler = torch.cuda.amp.GradScaler(enabled=(dtype == 'float16'))
W0926 20:46:34.609000 20619 torch/_inductor/utils.py:1731] [0/0] Not enough SMs to use max_autotune_gemm mode
Overriding config with /content/proj/experiments/configs/ptbr_scratch.py:
# BPE do zero (autoria do aluno): mesma arquitetura do baby GPT (6/6/384,
# contexto de 256 tokens), mas com o tokenizador BPE 'ptbr' (vocabulário de
# 50.257). Isola o efeito do tokenizador, sem pré-treino.
exec(open('../experiments/configs/_comum.py').read())
out_dir = '../runs/ptbr_scratch'
dataset = 'machado_ptbr'
eval_interval = 250
eval_iters = 100
gradient_accumulation_steps = 1
batch_size = 64
block_size = 256
n_layer = 6
n_head = 6
n_embd = 384
dropout = 0.2
learning_rate = 1e-3
max_iters = 3000
lr_decay_iters = 3000
min_lr = 1e-4
beta2 = 0.99
warmup_iters = 100

Overriding: out_dir = /content/proj/runs/ptbr_scratch
tokens per iteration will be: 16,384
Initializing a new model from scratch
defaulting to vocab_size of GPT-2 to 50304 (50257 rounded up for efficiency)
number of parameters: 29.94M
num decayed parameter tensors: 26, with 30,031,872 parameters
num non-decayed parameter tensors: 13, with 4,992 parameters
using fused AdamW: True
compiling the model... (takes a ~minute)
step 0: train loss 10.8949, val loss 10.8950
iter 0: loss 10.9040, time 40149.55ms, mfu -100.00%
iter 50: loss 6.8471, time 245.83ms, mfu 3.99%
iter 100: loss 6.0786, time 247.98ms, mfu 3.98%
iter 150: loss 5.6593, time 230.46ms, mfu 4.01%
iter 200: loss 5.4424, time 222.92ms, mfu 4.05%
step 250: train loss 5.2344, val loss 5.3360
saving checkpoint to /content/proj/runs/ptbr_scratch
iter 250: loss 5.3022, time 41923.88ms, mfu 3.65%
iter 300: loss 5.0718, time 237.27ms, mfu 3.70%
iter 350: loss 5.0171, time 256.12ms, mfu 3.71%
iter 400: loss 5.1287, time 245.68ms, mfu 3.74%
iter 450: loss 4.8454, time 227.16ms, mfu 3.80%
step 500: train loss 4.7881, val loss 4.9609
saving checkpoint to /content/proj/runs/ptbr_scratch
iter 500: loss 4.8273, time 21799.31ms, mfu 3.42%
iter 550: loss 4.7977, time 227.77ms, mfu 3.51%
iter 600: loss 4.7773, time 242.46ms, mfu 3.56%
iter 650: loss 4.6834, time 243.57ms, mfu 3.61%
iter 700: loss 4.5738, time 230.31ms, mfu 3.67%
step 750: train loss 4.4444, val loss 4.6973
saving checkpoint to /content/proj/runs/ptbr_scratch
iter 750: loss 4.5841, time 22182.83ms, mfu 3.31%
iter 800: loss 4.4818, time 223.31ms, mfu 3.42%
iter 850: loss 4.4706, time 240.64ms, mfu 3.48%
iter 900: loss 4.4479, time 244.94ms, mfu 3.54%
iter 950: loss 4.3387, time 228.79ms, mfu 3.61%
step 1000: train loss 4.2176, val loss 4.5689
saving checkpoint to /content/proj/runs/ptbr_scratch
iter 1000: loss 4.3252, time 22321.87ms, mfu 3.25%
iter 1050: loss 4.2804, time 228.20ms, mfu 3.36%
iter 1100: loss 4.2760, time 236.15ms, mfu 3.44%
iter 1150: loss 4.2352, time 244.40ms, mfu 3.50%
iter 1200: loss 4.2902, time 233.10ms, mfu 3.57%
step 1250: train loss 4.0429, val loss 4.4729
saving checkpoint to /content/proj/runs/ptbr_scratch
iter 1250: loss 4.1136, time 23050.88ms, mfu 3.21%
iter 1300: loss 4.1320, time 231.35ms, mfu 3.32%
iter 1350: loss 4.1177, time 240.13ms, mfu 3.39%
iter 1400: loss 4.0084, time 241.66ms, mfu 3.46%
iter 1450: loss 4.0164, time 228.80ms, mfu 3.54%
step 1500: train loss 3.8990, val loss 4.4201
saving checkpoint to /content/proj/runs/ptbr_scratch
iter 1500: loss 4.1020, time 22599.08ms, mfu 3.19%
iter 1550: loss 4.0503, time 224.41ms, mfu 3.31%
iter 1600: loss 4.0820, time 235.26ms, mfu 3.40%
iter 1650: loss 3.9628, time 243.62ms, mfu 3.46%
iter 1700: loss 3.9457, time 232.82ms, mfu 3.53%
step 1750: train loss 3.7687, val loss 4.3771
saving checkpoint to /content/proj/runs/ptbr_scratch
iter 1750: loss 3.9912, time 27416.98ms, mfu 3.18%
iter 1800: loss 3.8503, time 221.46ms, mfu 3.31%
iter 1850: loss 3.8766, time 235.96ms, mfu 3.39%
iter 1900: loss 3.8948, time 244.69ms, mfu 3.45%
iter 1950: loss 3.8460, time 234.11ms, mfu 3.53%
step 2000: train loss 3.6747, val loss 4.3512
saving checkpoint to /content/proj/runs/ptbr_scratch
iter 2000: loss 3.8791, time 27225.97ms, mfu 3.18%
iter 2050: loss 3.8536, time 222.40ms, mfu 3.30%
iter 2100: loss 3.8475, time 237.01ms, mfu 3.39%
iter 2150: loss 3.8101, time 244.00ms, mfu 3.45%
iter 2200: loss 3.8431, time 236.92ms, mfu 3.52%
step 2250: train loss 3.5961, val loss 4.3076
saving checkpoint to /content/proj/runs/ptbr_scratch
iter 2250: loss 3.8078, time 22515.60ms, mfu 3.17%
iter 2300: loss 3.7092, time 224.02ms, mfu 3.29%
iter 2350: loss 3.7916, time 236.62ms, mfu 3.38%
iter 2400: loss 3.7157, time 242.63ms, mfu 3.44%
iter 2450: loss 3.7786, time 235.32ms, mfu 3.51%
step 2500: train loss 3.5291, val loss 4.2999
saving checkpoint to /content/proj/runs/ptbr_scratch
iter 2500: loss 3.7435, time 23259.07ms, mfu 3.17%
iter 2550: loss 3.7767, time 222.79ms, mfu 3.29%
iter 2600: loss 3.7265, time 233.90ms, mfu 3.38%
iter 2650: loss 3.6450, time 238.84ms, mfu 3.45%
iter 2700: loss 3.7332, time 229.69ms, mfu 3.53%
step 2750: train loss 3.4867, val loss 4.2919
saving checkpoint to /content/proj/runs/ptbr_scratch
iter 2750: loss 3.7518, time 28217.79ms, mfu 3.18%
iter 2800: loss 3.7112, time 227.52ms, mfu 3.30%
iter 2850: loss 3.7433, time 235.07ms, mfu 3.38%
iter 2900: loss 3.6726, time 245.49ms, mfu 3.45%
iter 2950: loss 3.6582, time 232.73ms, mfu 3.52%
step 3000: train loss 3.4606, val loss 4.2802
saving checkpoint to /content/proj/runs/ptbr_scratch
iter 3000: loss 3.7079, time 23876.59ms, mfu 3.17%
